// Jest Snapshot v1, https://goo.gl/fbAQLP

exports[`DashboardView matches snapshot 1`] = `
<div
  className="mantine-8od8ev"
  style={
    Object {
      "minHeight": "100vh",
    }
  }
>
  <svg
    className="mantine-1avyp1d"
    data-testid="loading"
    height="36px"
    role="presentation"
    stroke="#4c6ef5"
    viewBox="0 0 38 38"
    width="36px"
    xmlns="http://www.w3.org/2000/svg"
  >
    <g
      fill="none"
      fillRule="evenodd"
    >
      <g
        strokeWidth="5"
        transform="translate(2.5 2.5)"
      >
        <circle
          cx="16"
          cy="16"
          r="16"
          strokeOpacity=".5"
        />
        <path
          d="M32 16c0-9.94-8.06-16-16-16"
        >
          <animateTransform
            attributeName="transform"
            dur="1s"
            from="0 16 16"
            repeatCount="indefinite"
            to="360 16 16"
            type="rotate"
          />
        </path>
      </g>
    </g>
  </svg>
</div>
`;
