// Jest Snapshot v1, https://goo.gl/fbAQLP

exports[`RatingSlider matches snapshot 1`] = `
<div
  className="mantine-1avyp1d"
  style={
    Object {
      "marginBottom": 24,
      "marginTop": 24,
    }
  }
>
  <div
    className="mantine-Slider-root mantine-1tn28tp"
    onKeyDownCapture={[Function]}
    onMouseDownCapture={[Function]}
    tabIndex={-1}
  >
    <div
      className="mantine-d21okt mantine-Slider-track"
      onMouseEnter={[Function]}
      onMouseLeave={[Function]}
    >
      <div
        className="mantine-Slider-bar mantine-bnigm6"
      />
      <div
        aria-label=""
        aria-valuemax={5}
        aria-valuemin={1}
        aria-valuenow={3}
        className="mantine-Slider-thumb mantine-6xjpl8"
        onBlur={[Function]}
        onClick={[Function]}
        onFocus={[Function]}
        onMouseDown={[Function]}
        onTouchStart={[Function]}
        role="slider"
        style={
          Object {
            "left": "50%",
          }
        }
        tabIndex={0}
      />
      <div />
    </div>
    <input
      type="hidden"
      value={3}
    />
  </div>
</div>
`;
